2025-04-28 07:06:00 | WARN | repo=HandBrake | action=commit
2025-03-24 21:09:00 | DEBUG | repo=HandBrake | action=commit
2025-11-02 20:15:00 | WARN | repo=HandBrake | action=commit
2025-07-14 10:53:00 | DEBUG | repo=HandBrake | action=commit
2025-03-20 11:41:00 | WARN | repo=HandBrake | action=commit
2025-01-03 07:42:00 | DEBUG | repo=HandBrake | action=test | passed=true
2025-03-18 08:36:00 | WARN | repo=HandBrake | action=commit
2025-02-16 08:12:00 | INFO | repo=HandBrake | action=test | passed=true
2025-09-17 17:23:00 | WARN | repo=HandBrake | action=commit
2025-05-23 16:10:00 | WARN | repo=HandBrake | action=commit
2025-02-27 13:00:00 | INFO | repo=HandBrake | action=commit
2025-10-06 20:15:00 | WARN | repo=HandBrake | action=commit
2025-11-20 10:36:00 | DEBUG | repo=HandBrake | action=commit
2025-04-16 09:52:00 | WARN | repo=HandBrake | action=commit
2025-09-23 09:32:00 | WARN | repo=HandBrake | action=commit
2025-05-24 09:39:00 | INFO | repo=HandBrake | action=commit
2025-09-01 16:48:00 | DEBUG | repo=HandBrake | action=commit
2025-03-04 07:59:00 | DEBUG | repo=HandBrake | action=commit
2025-03-07 15:41:00 | WARN | repo=HandBrake | action=test | passed=true
2025-02-04 08:01:00 | INFO | repo=HandBrake | action=commit
2025-02-10 16:49:00 | INFO | repo=HandBrake | action=commit
2025-04-17 12:03:00 | WARN | repo=HandBrake | action=pull
2025-06-13 07:21:00 | DEBUG | repo=HandBrake | action=commit
2025-10-05 12:33:00 | WARN | repo=HandBrake | action=pull
2025-11-17 17:31:00 | DEBUG | repo=HandBrake | action=test | passed=true
2025-04-22 08:34:00 | WARN | repo=HandBrake | action=edit | files=4
2025-02-23 09:20:00 | DEBUG | repo=HandBrake | action=commit
2025-12-19 09:28:00 | WARN | repo=HandBrake | action=commit
2025-05-03 08:38:00 | DEBUG | repo=HandBrake | action=commit
2025-09-05 18:45:00 | WARN | repo=HandBrake | action=edit | files=4
2025-05-10 08:05:00 | DEBUG | repo=HandBrake | action=commit
2025-06-16 09:23:00 | INFO | repo=HandBrake | action=commit
2025-12-05 07:52:00 | DEBUG | repo=HandBrake | action=edit | files=5
2025-06-02 10:07:00 | INFO | repo=HandBrake | action=commit
2025-12-14 09:37:00 | DEBUG | repo=HandBrake | action=edit | files=3
2025-07-17 13:28:00 | DEBUG | repo=HandBrake | action=commit
2025-08-09 20:59:00 | WARN | repo=HandBrake | action=edit | files=4
2025-11-07 11:58:00 | INFO | repo=HandBrake | action=pull
2025-05-17 14:14:00 | INFO | repo=HandBrake | action=edit | files=2
2025-07-15 15:13:00 | INFO | repo=HandBrake | action=commit
2025-02-27 16:13:00 | DEBUG | repo=HandBrake | action=edit | files=2
2025-11-05 16:43:00 | DEBUG | repo=HandBrake | action=pull
2025-03-20 20:40:00 | INFO | repo=HandBrake | action=edit | files=4
2025-02-26 18:03:00 | WARN | repo=HandBrake | action=commit
2025-04-28 14:45:00 | DEBUG | repo=HandBrake | action=edit | files=1
2025-04-26 21:42:00 | WARN | repo=HandBrake | action=test | passed=true
2025-11-08 20:35:00 | WARN | repo=HandBrake | action=commit
2025-11-16 18:33:00 | WARN | repo=HandBrake | action=commit
2025-05-27 10:33:00 | DEBUG | repo=HandBrake | action=edit | files=2
2025-01-09 21:21:00 | DEBUG | repo=HandBrake | action=test | passed=true
2025-12-16 20:22:00 | INFO | repo=HandBrake | action=commit
2025-05-19T16:52:00 | nonce=8963687719239810193
2025-04-07T12:10:00 | nonce=14258785163942207202
2025-10-05T15:33:00 | nonce=11080034942000105018
2025-11-06T10:36:00 | nonce=14026102373494653147
2025-08-28T11:13:00 | nonce=5744609384408140169
2025-12-27T17:15:00 | nonce=11674686546087504906
2025-10-11T17:22:00 | nonce=2640699725809719351
2025-09-17T16:58:00 | nonce=16600376860727166814
2025-09-10T14:58:00 | nonce=1620882462288723517
2025-01-10T09:13:00 | nonce=10669447402669788462
2025-05-08T16:33:00 | nonce=6518918244409052327
2025-02-15T19:57:00 | nonce=16758611738852347139
2025-12-17T18:11:00 | nonce=7971683272154252149
2025-01-12T20:04:00 | nonce=17590931011841131031
2025-03-18T09:13:00 | nonce=7688086724777603494
